###############################################################################
#
# IAR ELF Linker V7.80.2.11947/W32 for ARM                05/Apr/2017  10:34:39
# Copyright 2007-2016 IAR Systems AB.
#
#    Output file  =  
#        C:\Ben_Work\Apps_Software\SDK_Packages\i.MX6UL_SDK\SDK_2.2_EVK-MCIMX6UL_ER2\boards\evkmcimx6ul\driver_examples\csi\ccir656\iar\ddr_debug\csi_ccir656.out
#    Map file     =  
#        C:\Ben_Work\Apps_Software\SDK_Packages\i.MX6UL_SDK\SDK_2.2_EVK-MCIMX6UL_ER2\boards\evkmcimx6ul\driver_examples\csi\ccir656\iar\ddr_debug\list\csi_ccir656.map
#    Command line =  
#        C:\Ben_Work\Apps_Software\SDK_Packages\i.MX6UL_SDK\SDK_2.2_EVK-MCIMX6UL_ER2\boards\evkmcimx6ul\driver_examples\csi\ccir656\iar\ddr_debug\obj\board.o
#        C:\Ben_Work\Apps_Software\SDK_Packages\i.MX6UL_SDK\SDK_2.2_EVK-MCIMX6UL_ER2\boards\evkmcimx6ul\driver_examples\csi\ccir656\iar\ddr_debug\obj\clock_config.o
#        C:\Ben_Work\Apps_Software\SDK_Packages\i.MX6UL_SDK\SDK_2.2_EVK-MCIMX6UL_ER2\boards\evkmcimx6ul\driver_examples\csi\ccir656\iar\ddr_debug\obj\clock_config_ocram.o
#        C:\Ben_Work\Apps_Software\SDK_Packages\i.MX6UL_SDK\SDK_2.2_EVK-MCIMX6UL_ER2\boards\evkmcimx6ul\driver_examples\csi\ccir656\iar\ddr_debug\obj\csi_ccir656.o
#        C:\Ben_Work\Apps_Software\SDK_Packages\i.MX6UL_SDK\SDK_2.2_EVK-MCIMX6UL_ER2\boards\evkmcimx6ul\driver_examples\csi\ccir656\iar\ddr_debug\obj\fsl_clock.o
#        C:\Ben_Work\Apps_Software\SDK_Packages\i.MX6UL_SDK\SDK_2.2_EVK-MCIMX6UL_ER2\boards\evkmcimx6ul\driver_examples\csi\ccir656\iar\ddr_debug\obj\fsl_common.o
#        C:\Ben_Work\Apps_Software\SDK_Packages\i.MX6UL_SDK\SDK_2.2_EVK-MCIMX6UL_ER2\boards\evkmcimx6ul\driver_examples\csi\ccir656\iar\ddr_debug\obj\fsl_csi.o
#        C:\Ben_Work\Apps_Software\SDK_Packages\i.MX6UL_SDK\SDK_2.2_EVK-MCIMX6UL_ER2\boards\evkmcimx6ul\driver_examples\csi\ccir656\iar\ddr_debug\obj\fsl_csi_camera_adapter.o
#        C:\Ben_Work\Apps_Software\SDK_Packages\i.MX6UL_SDK\SDK_2.2_EVK-MCIMX6UL_ER2\boards\evkmcimx6ul\driver_examples\csi\ccir656\iar\ddr_debug\obj\fsl_debug_console.o
#        C:\Ben_Work\Apps_Software\SDK_Packages\i.MX6UL_SDK\SDK_2.2_EVK-MCIMX6UL_ER2\boards\evkmcimx6ul\driver_examples\csi\ccir656\iar\ddr_debug\obj\fsl_elcdif.o
#        C:\Ben_Work\Apps_Software\SDK_Packages\i.MX6UL_SDK\SDK_2.2_EVK-MCIMX6UL_ER2\boards\evkmcimx6ul\driver_examples\csi\ccir656\iar\ddr_debug\obj\fsl_gpio.o
#        C:\Ben_Work\Apps_Software\SDK_Packages\i.MX6UL_SDK\SDK_2.2_EVK-MCIMX6UL_ER2\boards\evkmcimx6ul\driver_examples\csi\ccir656\iar\ddr_debug\obj\fsl_i2c.o
#        C:\Ben_Work\Apps_Software\SDK_Packages\i.MX6UL_SDK\SDK_2.2_EVK-MCIMX6UL_ER2\boards\evkmcimx6ul\driver_examples\csi\ccir656\iar\ddr_debug\obj\fsl_ov5640.o
#        C:\Ben_Work\Apps_Software\SDK_Packages\i.MX6UL_SDK\SDK_2.2_EVK-MCIMX6UL_ER2\boards\evkmcimx6ul\driver_examples\csi\ccir656\iar\ddr_debug\obj\fsl_pxp.o
#        C:\Ben_Work\Apps_Software\SDK_Packages\i.MX6UL_SDK\SDK_2.2_EVK-MCIMX6UL_ER2\boards\evkmcimx6ul\driver_examples\csi\ccir656\iar\ddr_debug\obj\fsl_sccb.o
#        C:\Ben_Work\Apps_Software\SDK_Packages\i.MX6UL_SDK\SDK_2.2_EVK-MCIMX6UL_ER2\boards\evkmcimx6ul\driver_examples\csi\ccir656\iar\ddr_debug\obj\fsl_uart.o
#        C:\Ben_Work\Apps_Software\SDK_Packages\i.MX6UL_SDK\SDK_2.2_EVK-MCIMX6UL_ER2\boards\evkmcimx6ul\driver_examples\csi\ccir656\iar\ddr_debug\obj\pin_mux.o
#        C:\Ben_Work\Apps_Software\SDK_Packages\i.MX6UL_SDK\SDK_2.2_EVK-MCIMX6UL_ER2\boards\evkmcimx6ul\driver_examples\csi\ccir656\iar\ddr_debug\obj\startup_MCIMX6G3.o
#        C:\Ben_Work\Apps_Software\SDK_Packages\i.MX6UL_SDK\SDK_2.2_EVK-MCIMX6UL_ER2\boards\evkmcimx6ul\driver_examples\csi\ccir656\iar\ddr_debug\obj\system_MCIMX6G3.o
#        --redirect _Printf=_PrintfSmall --redirect _Scanf=_ScanfSmall -o
#        C:\Ben_Work\Apps_Software\SDK_Packages\i.MX6UL_SDK\SDK_2.2_EVK-MCIMX6UL_ER2\boards\evkmcimx6ul\driver_examples\csi\ccir656\iar\ddr_debug\csi_ccir656.out
#        --config_def __stack_size__=0x0A00 --config_def __heap_size__=0x2F000
#        --map
#        C:\Ben_Work\Apps_Software\SDK_Packages\i.MX6UL_SDK\SDK_2.2_EVK-MCIMX6UL_ER2\boards\evkmcimx6ul\driver_examples\csi\ccir656\iar\ddr_debug\list\csi_ccir656.map
#        --config
#        C:\Ben_Work\Apps_Software\SDK_Packages\i.MX6UL_SDK\SDK_2.2_EVK-MCIMX6UL_ER2\boards\evkmcimx6ul\driver_examples\csi\ccir656\iar/MCIMX6G3xxx05_ram.icf
#        --semihosting --entry __iar_program_start --vfe
#
###############################################################################

*******************************************************************************
*** RUNTIME MODEL ATTRIBUTES
***

CppFlavor       = *
__SystemLibrary = DLib


*******************************************************************************
*** PLACEMENT SUMMARY
***

"A0":  place at 0x80002000 { ro section .intvec };
"P1":  place in [from 0x00900000 to 0x0091feff] { first section OcramData };
"P2":  place in [from 0x00900000 to 0x0091feff] {
          rw object clock_config_ocram.o };
"P3":  place in [from 0x0091ff00 to 0x0091ffff] { block RSTACK };
"P4":  place in [from 0x80002000 to 0x8000203f] |
                [from 0x80002040 to 0x803fffff] { ro };
"P5":  place in [from 0x80400000 to 0x807ff1ff] { first block NCACHE_VAR };
"P6":  place in [from 0x80400000 to 0x807ff1ff] { block RW };
"P7":  place in [from 0x80400000 to 0x807ff1ff] { block ZI };
"P9":  place in [from 0x807ff200 to 0x807ffbff] { block CSTACK };
"P10": place in [from 0x807ffc00 to 0x807fffff] { block ISTACK };
initialize by copy {
   rw, section .textrw, object clock_config_ocram.o section .text,
   object clock_config_ocram.o section .rodata };

  Section            Kind        Address      Size  Object
  -------            ----        -------      ----  ------
"P1":                                       0x4000
  OcramData          zero     0x00900000    0x4000  board.o [1]
                            - 0x00904000    0x4000

"P2":                                        0x48c
  P2 s0                       0x00904000     0x48c  <Init block>
    .text            inited   0x00904000     0x48c  clock_config_ocram.o [1]
                            - 0x0090448c     0x48c

"P3":                                        0x100
  RSTACK                      0x0091ff00     0x100  <Block>
    RSTACK           uninit   0x0091ff00     0x100  <Block tail>
                            - 0x00920000     0x100

"A0":                                         0x3c
  .intvec            ro code  0x80002000      0x3c  startup_MCIMX6G3.o [1]
                            - 0x8000203c      0x3c

"P4", part 1 of 2:                             0x0
  .rodata            const    0x8000203c       0x0  zero_init3.o [5]
  .rodata            const    0x8000203c       0x0  copy_init3.o [5]

"P4", part 2 of 2:                          0x5bb4
  .text              ro code  0x80002040     0xb78  pin_mux.o [1]
  .text              ro code  0x80002bb8     0x740  fsl_clock.o [1]
  .text              ro code  0x800032f8      0xb0  ABImemcpy.o [5]
  .text              ro code  0x800033a8     0x130  I64DivMod.o [5]
  .text              ro code  0x800034d8     0x17c  I32DivMod.o [5]
  .text              ro code  0x80003654       0x4  I64DivZer.o [5]
  .text              ro code  0x80003658       0x4  IntDivZer.o [5]
  .text              ro code  0x8000365c     0x688  fsl_uart.o [1]
  .text              ro code  0x80003ce4      0x1c  fsl_common.o [1]
  .text              ro code  0x80003d00     0x472  fsl_debug_console.o [1]
  .rodata            const    0x80004172       0x2  fsl_csi.o [1]
  .text              ro code  0x80004174      0x54  strlen.o [5]
  .text              ro code  0x800041c8     0x668  fsl_csi.o [1]
  .text              ro code  0x80004830      0x74  ABImemset.o [5]
  .text              ro code  0x800048a4     0x584  csi_ccir656.o [1]
  .text              ro code  0x80004e28     0x484  board.o [1]
  .text              ro code  0x800052ac     0x1e0  fsl_gpio.o [1]
  .text              ro code  0x8000548c     0x330  fsl_i2c.o [1]
  Veneer             ro code  0x800057bc       0x8  - Linker created -
  .text              ro code  0x800057c4     0x238  clock_config.o [1]
  .text              ro code  0x800059fc     0x510  system_MCIMX6G3.o [1]
  .text              ro code  0x80005f0c     0x1d0  fsl_elcdif.o [1]
  .text              ro code  0x800060dc     0x24c  fsl_pxp.o [1]
  .text              ro code  0x80006328     0x28c  fsl_ov5640.o [1]
  .text              ro code  0x800065b4     0x124  fsl_sccb.o [1]
  .text              ro code  0x800066d8     0x140  fsl_csi_camera_adapter.o [1]
  .rodata            const    0x80006818      0xe8  fsl_ov5640.o [1]
  .rodata            const    0x80006900      0x80  fsl_i2c.o [1]
  .rodata            const    0x80006980      0x74  clock_config.o [1]
  .rodata            const    0x800069f4      0x74  csi_ccir656.o [1]
  .rodata            const    0x80006a68      0x74  fsl_csi.o [1]
  .rodata            const    0x80006adc      0x74  fsl_elcdif.o [1]
  .rodata            const    0x80006b50      0x74  fsl_elcdif.o [1]
  .rodata            const    0x80006bc4      0x74  fsl_gpio.o [1]
  .rodata            const    0x80006c38      0x74  fsl_i2c.o [1]
  .rodata            const    0x80006cac      0x74  fsl_pxp.o [1]
  .rodata            const    0x80006d20      0x74  fsl_uart.o [1]
  .rodata            const    0x80006d94      0x70  fsl_csi.o [1]
  .rodata            const    0x80006e04      0x70  fsl_gpio.o [1]
  .rodata            const    0x80006e74      0x70  fsl_i2c.o [1]
  .rodata            const    0x80006ee4      0x70  fsl_pxp.o [1]
  .rodata            const    0x80006f54      0x70  fsl_uart.o [1]
  .rodata            const    0x80006fc4      0x70  fsl_uart.o [1]
  .text              ro code  0x80007034      0x6c  startup_MCIMX6G3.o [1]
  .rodata            const    0x800070a0      0x60  fsl_ov5640.o [1]
  .text              ro code  0x80007100      0x5c  startup_MCIMX6G3.o [1]
  .rodata            const    0x8000715c      0x48  fsl_uart.o [1]
  Initializer bytes  const    0x800071a4      0x48  <for RW-1>
  .rodata            const    0x800071ec      0x40  fsl_uart.o [1]
  .text              ro code  0x8000722c      0x40  zero_init3.o [5]
  .rodata            const    0x8000726c      0x34  fsl_elcdif.o [1]
  .rodata            const    0x800072a0      0x30  fsl_uart.o [1]
  .text              ro code  0x800072d0      0x30  data_init.o [5]
  .rodata            const    0x80007300      0x2c  fsl_common.o [1]
  .text              ro code  0x8000732c      0x2c  cmain.o [5]
  .text              ro code  0x80007358       0x4  low_level_init.o [3]
  Veneer             ro code  0x8000735c       0x8  - Linker created -
  .text              ro code  0x80007364       0x4  exit.o [3]
  .text              ro code  0x80007368      0x14  exit.o [6]
  .text              ro code  0x8000737c      0x10  cexit.o [5]
  .text              ro code  0x8000738c      0x2c  copy_init3.o [5]
  .rodata            const    0x800073b8      0x28  fsl_elcdif.o [1]
  .text              ro code  0x800073e0      0x28  fpinit.o [4]
  .rodata            const    0x80007408      0x24  fsl_csi.o [1]
  .rodata            const    0x8000742c      0x24  fsl_gpio.o [1]
  .rodata            const    0x80007450      0x24  fsl_i2c.o [1]
  .rodata            const    0x80007474      0x24  fsl_pxp.o [1]
  .rodata            const    0x80007498      0x24  fsl_uart.o [1]
  .iar.init_table    const    0x800074bc      0x48  - Linker created -
  .rodata            const    0x80007504      0x20  clock_config.o [1]
  .rodata            const    0x80007524      0x20  csi_ccir656.o [1]
  .rodata            const    0x80007544      0x20  csi_ccir656.o [1]
  .rodata            const    0x80007564      0x1c  fsl_i2c.o [1]
  .rodata            const    0x80007580      0x1c  fsl_uart.o [1]
  .rodata            const    0x8000759c      0x18  csi_ccir656.o [1]
  .rodata            const    0x800075b4      0x18  csi_ccir656.o [1]
  .rodata            const    0x800075cc      0x18  fsl_csi_camera_adapter.o [1]
  .rodata            const    0x800075e4      0x18  fsl_gpio.o [1]
  .rodata            const    0x800075fc      0x14  csi_ccir656.o [1]
  .rodata            const    0x80007610      0x14  csi_ccir656.o [1]
  .rodata            const    0x80007624      0x14  fsl_i2c.o [1]
  .rodata            const    0x80007638      0x14  fsl_uart.o [1]
  .rodata            const    0x8000764c      0x10  fsl_clock.o [1]
  .rodata            const    0x8000765c      0x10  fsl_i2c.o [1]
  .rodata            const    0x8000766c      0x10  fsl_ov5640.o [1]
  .rodata            const    0x8000767c       0xc  csi_ccir656.o [1]
  .rodata            const    0x80007688       0xc  csi_ccir656.o [1]
  .rodata            const    0x80007694       0xc  fsl_csi.o [1]
  .rodata            const    0x800076a0       0xc  fsl_elcdif.o [1]
  .rodata            const    0x800076ac       0xc  fsl_gpio.o [1]
  .rodata            const    0x800076b8       0xc  fsl_gpio.o [1]
  .rodata            const    0x800076c4       0xc  fsl_gpio.o [1]
  .rodata            const    0x800076d0       0xc  fsl_i2c.o [1]
  .rodata            const    0x800076dc       0xc  fsl_i2c.o [1]
  .rodata            const    0x800076e8       0xc  fsl_pxp.o [1]
  .rodata            const    0x800076f4       0xc  fsl_uart.o [1]
  .rodata            const    0x80007700       0x8  fsl_csi.o [1]
  .rodata            const    0x80007708       0x8  fsl_csi.o [1]
  .rodata            const    0x80007710       0x8  fsl_elcdif.o [1]
  .rodata            const    0x80007718       0x8  fsl_ov5640.o [1]
  .rodata            const    0x80007720       0x8  fsl_pxp.o [1]
  .rodata            const    0x80007728       0x8  fsl_uart.o [1]
  .rodata            const    0x80007730       0x8  fsl_uart.o [1]
  .rodata            const    0x80007738       0x4  board.o [1]
  .rodata            const    0x8000773c       0x4  board.o [1]
  .rodata            const    0x80007740       0x4  board.o [1]
  .rodata            const    0x80007744       0x4  board.o [1]
  .rodata            const    0x80007748       0x4  clock_config.o [1]
  .rodata            const    0x8000774c       0x4  csi_ccir656.o [1]
  .rodata            const    0x80007750       0x4  fsl_csi.o [1]
  .rodata            const    0x80007754       0x4  fsl_elcdif.o [1]
  .rodata            const    0x80007758       0x4  fsl_pxp.o [1]
  .text              ro code  0x8000775c       0x4  xreturnswi.o [6]
  .rodata            const    0x80007760       0x2  fsl_csi.o [1]
  .rodata            const    0x80007762       0x2  fsl_elcdif.o [1]
  .rodata            const    0x80007764       0x2  fsl_elcdif.o [1]
  .rodata            const    0x80007766       0x2  fsl_pxp.o [1]
  Initializer bytes  const    0x80007768     0x48c  <for P2 s0>
                            - 0x80007bf4    0x5bb4

"P5":                                     0x1fe000
  NCACHE_VAR                  0x80400000  0x1fe000  <Block>
    NonCacheable              0x80400000  0x1fe000  <Block>
      NonCacheable   zero     0x80400000   0xff000  csi_ccir656.o [1]
      NonCacheable   zero     0x804ff000   0xff000  csi_ccir656.o [1]
                            - 0x805fe000  0x1fe000

"P6-P7", part 1 of 2:                         0x48
  RW                          0x80600000      0x48  <Block>
    RW-1                      0x80600000      0x48  <Init block>
      .data          inited   0x80600000       0x4  csi_ccir656.o [1]
      .data          inited   0x80600004       0xc  csi_ccir656.o [1]
      .data          inited   0x80600010       0xc  csi_ccir656.o [1]
      .data          inited   0x8060001c       0x8  csi_ccir656.o [1]
      .data          inited   0x80600024      0x20  fsl_elcdif.o [1]
      .data          inited   0x80600044       0x4  system_MCIMX6G3.o [1]
                            - 0x80600048      0x48

"P6-P7", part 2 of 2:                        0x594
  ZI                          0x80600048     0x594  <Block>
    .bss             zero     0x80600048      0x2c  csi_ccir656.o [1]
    .bss             zero     0x80600074       0x4  fsl_clock.o [1]
    .bss             zero     0x80600078       0x4  fsl_clock.o [1]
    .bss             zero     0x8060007c       0x4  fsl_csi.o [1]
    .bss             zero     0x80600080       0x4  fsl_csi.o [1]
    .bss             zero     0x80600084      0x10  fsl_debug_console.o [1]
    .bss             zero     0x80600094      0x14  fsl_i2c.o [1]
    .bss             zero     0x806000a8       0x4  fsl_i2c.o [1]
    .bss             zero     0x806000ac       0x4  fsl_i2c.o [1]
    .bss             zero     0x806000b0      0x20  fsl_uart.o [1]
    .bss             zero     0x806000d0       0x4  fsl_uart.o [1]
    .bss             zero     0x806000d4     0x500  system_MCIMX6G3.o [1]
    .bss             zero     0x806005d4       0x4  system_MCIMX6G3.o [1]
    .bss             zero     0x806005d8       0x1  board.o [1]
                            - 0x806005dc     0x594

"P9":                                        0xa00
  CSTACK                      0x807ff200     0xa00  <Block>
    CSTACK           uninit   0x807ff200     0xa00  <Block tail>
                            - 0x807ffc00     0xa00

"P10":                                       0x400
  ISTACK                      0x807ffc00     0x400  <Block>
    ISTACK           uninit   0x807ffc00     0x400  <Block tail>
                            - 0x80800000     0x400


*******************************************************************************
*** INIT TABLE
***

          Address     Size
          -------     ----
Zero (__iar_zero_init3)
    3 destination ranges, total size 0x202591:
          0x00900000    0x4000
          0x80400000  0x1fe000
          0x80600048     0x591

Copy (__iar_copy_init3)
    1 source range, total size 0x48:
          0x800071a4      0x48
    1 destination range, total size 0x48:
          0x80600000      0x48

Copy (__iar_copy_init3)
    1 source range, total size 0x48c:
          0x80007768     0x48c
    1 destination range, total size 0x48c:
          0x00904000     0x48c



*******************************************************************************
*** MODULE SUMMARY
***

    Module                    ro code  rw code  ro data    rw data
    ------                    -------  -------  -------    -------
C:\Ben_Work\Apps_Software\SDK_Packages\i.MX6UL_SDK\SDK_2.2_EVK-MCIMX6UL_ER2\boards\evkmcimx6ul\driver_examples\csi\ccir656\iar\ddr_debug\obj: [1]
    board.o                     1 156                16     16 385
    clock_config.o                568               152
    clock_config_ocram.o                 1 164    1 164
    csi_ccir656.o               1 412               332  2 089 040
    fsl_clock.o                 1 856                16          8
    fsl_common.o                   28                44
    fsl_csi.o                   1 640               300          8
    fsl_csi_camera_adapter.o      320                24
    fsl_debug_console.o         1 138                           16
    fsl_elcdif.o                  464               384         32
    fsl_gpio.o                    480               324
    fsl_i2c.o                     816               480         28
    fsl_ov5640.o                  652               352
    fsl_pxp.o                     588               290
    fsl_sccb.o                    292
    fsl_uart.o                  1 672               636         36
    pin_mux.o                   2 936
    startup_MCIMX6G3.o            260
    system_MCIMX6G3.o           1 296                 4      1 288
    --------------------------------------------------------------
    Total:                     17 574    1 164    4 518  2 106 841

command line: [2]
    --------------------------------------------------------------
    Total:

dl7Sx_tln.a: [3]
    exit.o                          4
    low_level_init.o                4
    --------------------------------------------------------------
    Total:                          8

m7Sx_tlv.a: [4]
    fpinit.o                       40
    --------------------------------------------------------------
    Total:                         40

rt7Sx_tl.a: [5]
    ABImemcpy.o                   176
    ABImemset.o                   116
    I32DivMod.o                   380
    I64DivMod.o                   304
    I64DivZer.o                     4
    IntDivZer.o                     4
    cexit.o                        16
    cmain.o                        44
    copy_init3.o                   44
    data_init.o                    48
    strlen.o                       84
    zero_init3.o                   64
    --------------------------------------------------------------
    Total:                      1 284

sh7Sxs_l.a: [6]
    exit.o                         20
    xreturnswi.o                    4
    --------------------------------------------------------------
    Total:                         24

    Linker created                 16                72      3 840
------------------------------------------------------------------
    Grand Total:               18 946    1 164    4 590  2 110 681


*******************************************************************************
*** ENTRY LIST
***

Entry                      Address     Size  Type      Object
-----                      -------     ----  ----      ------
.iar.init_table$$Base   0x800074bc            --   Gb  - Linker created -
.iar.init_table$$Limit  0x80007504            --   Gb  - Linker created -
?main                   0x8000732c           Code  Gb  cmain.o [5]
BOARD_BootClockGate     0x800058dd     0x30  Code  Lc  clock_config.o [1]
BOARD_BootClockRUN      0x8000590d     0x84  Code  Gb  clock_config.o [1]
BOARD_DebugConsoleSrcFreq
                        0x8000511b     0x40  Code  Gb  board.o [1]
BOARD_InitCameraResource
                        0x80004bcf     0x48  Code  Gb  csi_ccir656.o [1]
BOARD_InitDebugConsole  0x8000515b     0x18  Code  Gb  board.o [1]
BOARD_InitLcd           0x80004b09     0x52  Code  Gb  csi_ccir656.o [1]
BOARD_InitLcdifPixClock
                        0x80004b5b     0x38  Code  Gb  csi_ccir656.o [1]
BOARD_InitMemory        0x80004fb5    0x166  Code  Gb  board.o [1]
BOARD_InitPins          0x80002071    0x972  Code  Gb  pin_mux.o [1]
BOARD_NXP74LV595_SetValue
                        0x80005181     0xe8  Code  Gb  board.o [1]
BOARD_PullCameraPowerDownPin
                        0x80004bb1     0x1e  Code  Lc  csi_ccir656.o [1]
BOARD_PullCameraResetPin
                        0x80004b93     0x1e  Code  Lc  csi_ccir656.o [1]
BOARD_SetRunClock       0x00904001    0x48c  Code  Gb  clock_config_ocram.o [1]
CAMERA_DEVICE_Init      0x80004ae9     0x12  Code  Lc  csi_ccir656.o [1]
CAMERA_DEVICE_Start     0x80004afb      0xe  Code  Lc  csi_ccir656.o [1]
CAMERA_RECEIVER_GetFullBuffer
                        0x80004ad7     0x12  Code  Lc  csi_ccir656.o [1]
CAMERA_RECEIVER_Init    0x80004a99     0x1e  Code  Lc  csi_ccir656.o [1]
CAMERA_RECEIVER_Start   0x80004ab7      0xe  Code  Lc  csi_ccir656.o [1]
CAMERA_RECEIVER_SubmitEmptyBuffer
                        0x80004ac5     0x12  Code  Lc  csi_ccir656.o [1]
CAN1_DriverIRQHandler   0x80005b99      0x2  Code  Wk  system_MCIMX6G3.o [1]
CAN2_DriverIRQHandler   0x80005b99      0x2  Code  Wk  system_MCIMX6G3.o [1]
CLOCK_ControlGate       0x800049c3     0x50  Code  Lc  csi_ccir656.o [1]
CLOCK_ControlGate       0x800041f3     0x50  Code  Lc  fsl_csi.o [1]
CLOCK_ControlGate       0x80005f0d     0x4a  Code  Lc  fsl_elcdif.o [1]
CLOCK_ControlGate       0x800052ad     0x4a  Code  Lc  fsl_gpio.o [1]
CLOCK_ControlGate       0x8000548d     0x50  Code  Lc  fsl_i2c.o [1]
CLOCK_ControlGate       0x800060dd     0x50  Code  Lc  fsl_pxp.o [1]
CLOCK_ControlGate       0x8000365d     0x50  Code  Lc  fsl_uart.o [1]
CLOCK_DeinitAudioPll    0x80002f4d      0xc  Code  Gb  fsl_clock.o [1]
CLOCK_DeinitEnetPll     0x80002fed      0xc  Code  Gb  fsl_clock.o [1]
CLOCK_DeinitUsb2Pll     0x80002f43      0xa  Code  Gb  fsl_clock.o [1]
CLOCK_DeinitVideoPll    0x80002fe1      0xc  Code  Gb  fsl_clock.o [1]
CLOCK_DisableClock      0x80004253     0x10  Code  Lc  fsl_csi.o [1]
CLOCK_EnableClock       0x80004a13     0x10  Code  Lc  csi_ccir656.o [1]
CLOCK_EnableClock       0x80004243     0x10  Code  Lc  fsl_csi.o [1]
CLOCK_EnableClock       0x80005f57     0x10  Code  Lc  fsl_elcdif.o [1]
CLOCK_EnableClock       0x800052f7     0x10  Code  Lc  fsl_gpio.o [1]
CLOCK_EnableClock       0x800054dd     0x10  Code  Lc  fsl_i2c.o [1]
CLOCK_EnableClock       0x8000612d     0x10  Code  Lc  fsl_pxp.o [1]
CLOCK_EnableClock       0x800036ad     0x10  Code  Lc  fsl_uart.o [1]
CLOCK_GetDiv            0x80004f75     0x2e  Code  Lc  board.o [1]
CLOCK_GetDiv            0x80004995     0x2e  Code  Lc  csi_ccir656.o [1]
CLOCK_GetFreq           0x80002c75    0x2b2  Code  Gb  fsl_clock.o [1]
CLOCK_GetMux            0x80004f4d     0x28  Code  Lc  board.o [1]
CLOCK_GetMux            0x80005837     0x28  Code  Lc  clock_config.o [1]
CLOCK_GetOscFreq        0x80004fa3     0x12  Code  Lc  board.o [1]
CLOCK_GetOscFreq        0x80002bb9     0x18  Code  Lc  fsl_clock.o [1]
CLOCK_GetPeriphClkFreq  0x80002bd7     0x9e  Code  Lc  fsl_clock.o [1]
CLOCK_GetPllFreq        0x80002ff9    0x1dc  Code  Gb  fsl_clock.o [1]
CLOCK_GetRtcFreq        0x80002bd1      0x6  Code  Lc  fsl_clock.o [1]
CLOCK_GetSysPfdFreq     0x800031d5     0x5e  Code  Gb  fsl_clock.o [1]
CLOCK_GetUsb1PfdFreq    0x80003233     0x5e  Code  Gb  fsl_clock.o [1]
CLOCK_InitArmPll        0x80002f27     0x1c  Code  Gb  fsl_clock.o [1]
CLOCK_InitVideoPll      0x80002f59     0x88  Code  Gb  fsl_clock.o [1]
CLOCK_SetDiv            0x8000585f     0x72  Code  Lc  clock_config.o [1]
CLOCK_SetDiv            0x8000491d     0x78  Code  Lc  csi_ccir656.o [1]
CLOCK_SetMux            0x800057c5     0x72  Code  Lc  clock_config.o [1]
CLOCK_SetMux            0x800048a5     0x78  Code  Lc  csi_ccir656.o [1]
CLOCK_SetRtcXtalFreq    0x800058d7      0x6  Code  Lc  clock_config.o [1]
CLOCK_SetXtalFreq       0x800058d1      0x6  Code  Lc  clock_config.o [1]
CSI_ADAPTER_Callback    0x800067ed     0x2c  Code  Lc  fsl_csi_camera_adapter.o [1]
CSI_ADAPTER_Deinit      0x80006793     0x10  Code  Lc  fsl_csi_camera_adapter.o [1]
CSI_ADAPTER_GetFullBuffer
                        0x800067d7     0x14  Code  Lc  fsl_csi_camera_adapter.o [1]
CSI_ADAPTER_Init        0x800066d9     0xba  Code  Lc  fsl_csi_camera_adapter.o [1]
CSI_ADAPTER_Start       0x800067a3     0x10  Code  Lc  fsl_csi_camera_adapter.o [1]
CSI_ADAPTER_Stop        0x800067b3     0x10  Code  Lc  fsl_csi_camera_adapter.o [1]
CSI_ADAPTER_SubmitEmptyBuffer
                        0x800067c3     0x14  Code  Lc  fsl_csi_camera_adapter.o [1]
CSI_ClearFifo           0x800044c5     0x32  Code  Gb  fsl_csi.o [1]
CSI_Deinit              0x80004407     0x20  Code  Gb  fsl_csi.o [1]
CSI_DisableInterrupts   0x80004563     0x20  Code  Gb  fsl_csi.o [1]
CSI_DriverIRQHandler    0x800047e3     0x10  Code  Gb  fsl_csi.o [1]
CSI_EnableFifoDmaRequest
                        0x80004517     0x2c  Code  Gb  fsl_csi.o [1]
CSI_EnableInterrupts    0x80004543     0x20  Code  Gb  fsl_csi.o [1]
CSI_GetDefaultConfig    0x80004475     0x42  Code  Gb  fsl_csi.o [1]
CSI_GetInstance         0x800042af     0x36  Code  Lc  fsl_csi.o [1]
CSI_Init                0x80004343     0xc4  Code  Gb  fsl_csi.o [1]
CSI_ReflashFifoDma      0x800044f7     0x20  Code  Gb  fsl_csi.o [1]
CSI_Reset               0x80004427     0x4e  Code  Gb  fsl_csi.o [1]
CSI_SetRxBufferAddr     0x800044b7      0xe  Code  Gb  fsl_csi.o [1]
CSI_Start               0x8000427f     0x18  Code  Lc  fsl_csi.o [1]
CSI_Stop                0x80004297     0x18  Code  Lc  fsl_csi.o [1]
CSI_TransferCreateHandle
                        0x80004583     0x5c  Code  Gb  fsl_csi.o [1]
CSI_TransferGetEmptyBufferCount
                        0x80004303     0x12  Code  Lc  fsl_csi.o [1]
CSI_TransferGetFullBuffer
                        0x800046ff     0x38  Code  Gb  fsl_csi.o [1]
CSI_TransferGetQueueDelta
                        0x800042e5      0xe  Code  Lc  fsl_csi.o [1]
CSI_TransferHandleIRQ   0x80004739     0xaa  Code  Gb  fsl_csi.o [1]
CSI_TransferIncreaseQueueIdx
                        0x800042f3     0x10  Code  Lc  fsl_csi.o [1]
CSI_TransferLoadBufferToDevice
                        0x80004315     0x2e  Code  Lc  fsl_csi.o [1]
CSI_TransferStart       0x800045df     0x6a  Code  Gb  fsl_csi.o [1]
CSI_TransferStop        0x80004649     0x3e  Code  Gb  fsl_csi.o [1]
CSI_TransferSubmitEmptyBuffer
                        0x80004687     0x78  Code  Gb  fsl_csi.o [1]
CSTACK$$Base            0x807ff200            --   Gb  - Linker created -
CSTACK$$Limit           0x807ffc00            --   Gb  - Linker created -
DbgConsole_ConvertRadixNumToString
                        0x80003e35     0xcc  Code  Lc  fsl_debug_console.o [1]
DbgConsole_Init         0x80003d45     0x66  Code  Gb  fsl_debug_console.o [1]
DbgConsole_Printf       0x80003dab     0x2e  Code  Gb  fsl_debug_console.o [1]
DbgConsole_PrintfFormattedData
                        0x80003f01    0x272  Code  Lc  fsl_debug_console.o [1]
DbgConsole_PrintfPaddingCharacter
                        0x80003e09     0x2c  Code  Lc  fsl_debug_console.o [1]
DbgConsole_Putchar      0x80003dd9     0x22  Code  Gb  fsl_debug_console.o [1]
Delay                   0x80005173      0xe  Code  Gb  board.o [1]
ECSPI1_DriverIRQHandler
                        0x80005b99      0x2  Code  Wk  system_MCIMX6G3.o [1]
ECSPI2_DriverIRQHandler
                        0x80005b99      0x2  Code  Wk  system_MCIMX6G3.o [1]
ECSPI3_DriverIRQHandler
                        0x80005b99      0x2  Code  Wk  system_MCIMX6G3.o [1]
ECSPI4_DriverIRQHandler
                        0x80005b99      0x2  Code  Wk  system_MCIMX6G3.o [1]
ELCDIF_ClearInterruptStatus
                        0x80004a47     0x18  Code  Lc  csi_ccir656.o [1]
ELCDIF_GetInstance      0x80005f67     0x30  Code  Lc  fsl_elcdif.o [1]
ELCDIF_GetInterruptStatus
                        0x80004a2f     0x18  Code  Lc  csi_ccir656.o [1]
ELCDIF_Reset            0x80006073     0x3a  Code  Gb  fsl_elcdif.o [1]
ELCDIF_RgbModeInit      0x80005f97     0xdc  Code  Gb  fsl_elcdif.o [1]
ELCDIF_RgbModeStart     0x80004a23      0x8  Code  Lc  csi_ccir656.o [1]
ELCDIF_SetNextBufferAddr
                        0x80004a2b      0x4  Code  Lc  csi_ccir656.o [1]
ENET1_Driver1588IRQHandler
                        0x80005b99      0x2  Code  Wk  system_MCIMX6G3.o [1]
ENET1_DriverIRQHandler  0x80005b99      0x2  Code  Wk  system_MCIMX6G3.o [1]
ENET2_Driver1588IRQHandler
                        0x80005b99      0x2  Code  Wk  system_MCIMX6G3.o [1]
ENET2_DriverIRQHandler  0x80005b99      0x2  Code  Wk  system_MCIMX6G3.o [1]
EnableIRQ               0x80004263     0x1c  Code  Lc  fsl_csi.o [1]
GIC_EnableIRQ           0x800041cf     0x24  Code  Lc  fsl_csi.o [1]
GIC_Init                0x80005b45     0x54  Code  Lc  system_MCIMX6G3.o [1]
GPIO_GetInstance        0x80005307     0x30  Code  Lc  fsl_gpio.o [1]
GPIO_PinInit            0x80005337     0x54  Code  Gb  fsl_gpio.o [1]
GPIO_SetPinInterruptConfig
                        0x800053e5     0xa8  Code  Gb  fsl_gpio.o [1]
GPIO_WritePinOutput     0x8000538b     0x38  Code  Gb  fsl_gpio.o [1]
I2C1_DriverIRQHandler   0x80005755      0xe  Code  Gb  fsl_i2c.o [1]
I2C2_DriverIRQHandler   0x80005763      0xe  Code  Gb  fsl_i2c.o [1]
I2C3_DriverIRQHandler   0x80005771      0xe  Code  Gb  fsl_i2c.o [1]
I2C4_DriverIRQHandler   0x8000577f      0xe  Code  Gb  fsl_i2c.o [1]
I2C_GetInstance         0x800054f9     0x36  Code  Gb  fsl_i2c.o [1]
I2C_MasterClearStatusFlags
                        0x800054f1      0x8  Code  Lc  fsl_i2c.o [1]
I2C_MasterClearStatusFlags
                        0x800065b9      0x8  Code  Lc  fsl_sccb.o [1]
I2C_MasterGetDefaultConfig
                        0x800055bb     0x28  Code  Gb  fsl_i2c.o [1]
I2C_MasterGetStatusFlags
                        0x800054ed      0x4  Code  Lc  fsl_i2c.o [1]
I2C_MasterGetStatusFlags
                        0x800065b5      0x4  Code  Lc  fsl_sccb.o [1]
I2C_MasterInit          0x80005561     0x5a  Code  Gb  fsl_i2c.o [1]
I2C_MasterSetBaudRate   0x800055e3     0x4c  Code  Gb  fsl_i2c.o [1]
I2C_MasterStart         0x8000562f     0x3e  Code  Gb  fsl_i2c.o [1]
I2C_MasterStop          0x8000566d     0x32  Code  Gb  fsl_i2c.o [1]
I2C_MasterWriteBlocking
                        0x8000569f     0x9c  Code  Gb  fsl_i2c.o [1]
I2C_TransferCommonIRQHandler
                        0x8000552f     0x32  Code  Lc  fsl_i2c.o [1]
I2S1_DriverIRQHandler   0x80005b99      0x2  Code  Wk  system_MCIMX6G3.o [1]
I2S2_DriverIRQHandler   0x80005b99      0x2  Code  Wk  system_MCIMX6G3.o [1]
I2S3_Rx_DriverIRQHandler
                        0x80005b99      0x2  Code  Wk  system_MCIMX6G3.o [1]
I2S3_Tx_DriverIRQHandler
                        0x80005b99      0x2  Code  Wk  system_MCIMX6G3.o [1]
IOMUXC_SetPinConfig     0x80002061     0x10  Code  Lc  pin_mux.o [1]
IOMUXC_SetPinMux        0x80002041     0x20  Code  Lc  pin_mux.o [1]
ISTACK$$Base            0x807ffc00            --   Gb  - Linker created -
ISTACK$$Limit           0x80800000            --   Gb  - Linker created -
L1C_InvalidateDataCacheAll
                        0x80005b3b      0xa  Code  Lc  system_MCIMX6G3.o [1]
L1C_InvalidateInstructionCacheAll
                        0x80005a3b     0x12  Code  Lc  system_MCIMX6G3.o [1]
L1C_OpDataCacheAll      0x80005a4d     0xee  Code  Lc  system_MCIMX6G3.o [1]
MMU_ConfigSection       0x80004e7d     0xb0  Code  Lc  board.o [1]
MMU_Enable              0x80004f35     0x18  Code  Lc  board.o [1]
MMU_Init                0x80004e47     0x36  Code  Lc  board.o [1]
MMU_InvalidateTLB       0x80004f2d      0x8  Code  Lc  board.o [1]
MMU_L1Table             0x00900000   0x4000  Data  Lc  board.o [1]
NCACHE_VAR$$Base        0x80400000            --   Gb  - Linker created -
NCACHE_VAR$$Limit       0x805fe000            --   Gb  - Linker created -
NonCacheable$$Base      0x80400000            --   Gb  - Linker created -
NonCacheable$$Length    0x001fe000            --   Gb  - Linker created -
NonCacheable$$Limit     0x805fe000            --   Gb  - Linker created -
OV5640_Deinit           0x80006569     0x10  Code  Gb  fsl_ov5640.o [1]
OV5640_DelayMs          0x80006329     0x20  Code  Lc  fsl_ov5640.o [1]
OV5640_GetResolutionParam
                        0x800063a5     0x2c  Code  Lc  fsl_ov5640.o [1]
OV5640_Init             0x80006425    0x12c  Code  Gb  fsl_ov5640.o [1]
OV5640_LoadRegVal       0x80006349     0x40  Code  Lc  fsl_ov5640.o [1]
OV5640_SetPixelFormat   0x800063d1     0x54  Code  Lc  fsl_ov5640.o [1]
OV5640_SoftwareReset    0x80006389     0x1c  Code  Lc  fsl_ov5640.o [1]
OV5640_Start            0x80006579     0x1e  Code  Gb  fsl_ov5640.o [1]
OV5640_Stop             0x80006597     0x1e  Code  Gb  fsl_ov5640.o [1]
PXP_ClearStatusFlags    0x80004a6d      0x4  Code  Lc  csi_ccir656.o [1]
PXP_EnableCsc1          0x80004a77     0x22  Code  Lc  csi_ccir656.o [1]
PXP_GetInstance         0x8000613d     0x36  Code  Lc  fsl_pxp.o [1]
PXP_GetStatusFlags      0x80004a65      0x8  Code  Lc  csi_ccir656.o [1]
PXP_Init                0x80006173     0x24  Code  Gb  fsl_pxp.o [1]
PXP_Reset               0x80006197      0xe  Code  Gb  fsl_pxp.o [1]
PXP_SetAlphaSurfacePosition
                        0x800061a5     0x30  Code  Gb  fsl_pxp.o [1]
PXP_SetCsc1Mode         0x800062a9     0x42  Code  Gb  fsl_pxp.o [1]
PXP_SetOutputBufferConfig
                        0x80006251     0x58  Code  Gb  fsl_pxp.o [1]
PXP_SetProcessSurfaceBackGroundColor
                        0x80004a71      0x6  Code  Lc  csi_ccir656.o [1]
PXP_SetProcessSurfaceBufferConfig
                        0x800061d5     0x4e  Code  Gb  fsl_pxp.o [1]
PXP_SetProcessSurfacePosition
                        0x80006223     0x2e  Code  Gb  fsl_pxp.o [1]
PXP_Start               0x80004a5f      0x6  Code  Lc  csi_ccir656.o [1]
RSTACK$$Base            0x0091ff00            --   Gb  - Linker created -
RSTACK$$Limit           0x00920000            --   Gb  - Linker created -
RW$$Base                0x80600000            --   Gb  - Linker created -
RW$$Limit               0x80600048            --   Gb  - Linker created -
Region$$Table$$Base     0x800074bc            --   Gb  - Linker created -
Region$$Table$$Limit    0x80007504            --   Gb  - Linker created -
SCCB_WriteMultiRegs     0x8000664b     0x8e  Code  Gb  fsl_sccb.o [1]
SCCB_WriteReg           0x800065c1     0x8a  Code  Gb  fsl_sccb.o [1]
SDMA_DriverIRQHandler   0x80005b99      0x2  Code  Wk  system_MCIMX6G3.o [1]
SystemCoreClock         0x80600044      0x4  Data  Gb  system_MCIMX6G3.o [1]
SystemCoreClockUpdate   0x80005c01     0xbc  Code  Gb  system_MCIMX6G3.o [1]
SystemInit              0x80005b9b     0x66  Code  Gb  system_MCIMX6G3.o [1]
SystemInitIrqTable      0x80005cbd    0x13e  Code  Gb  system_MCIMX6G3.o [1]
SystemInstallIrqHandler
                        0x80005dfb     0x14  Code  Gb  system_MCIMX6G3.o [1]
SystemIrqHandler        0x80005ec1     0x4c  Code  Wk  system_MCIMX6G3.o [1]
UART1_DriverIRQHandler  0x80003c2d     0x10  Code  Gb  fsl_uart.o [1]
UART2_DriverIRQHandler  0x80003c3d     0x10  Code  Gb  fsl_uart.o [1]
UART3_DriverIRQHandler  0x80003c4d     0x10  Code  Gb  fsl_uart.o [1]
UART4_DriverIRQHandler  0x80003c5d     0x10  Code  Gb  fsl_uart.o [1]
UART5_DriverIRQHandler  0x80003c6d     0x10  Code  Gb  fsl_uart.o [1]
UART6_DriverIRQHandler  0x80003c7d     0x10  Code  Gb  fsl_uart.o [1]
UART7_DriverIRQHandler  0x80003c8d     0x10  Code  Gb  fsl_uart.o [1]
UART8_DriverIRQHandler  0x80003c9d     0x10  Code  Gb  fsl_uart.o [1]
UART_ClearStatusFlag    0x80003b15     0x1c  Code  Gb  fsl_uart.o [1]
UART_Disable            0x800036e1      0xe  Code  Lc  fsl_uart.o [1]
UART_Enable             0x800036d3      0xe  Code  Lc  fsl_uart.o [1]
UART_EnableAutoBaudRate
                        0x8000376f     0x2e  Code  Lc  fsl_uart.o [1]
UART_EnableRx           0x80003d23     0x22  Code  Lc  fsl_debug_console.o [1]
UART_EnableTx           0x80003d01     0x22  Code  Lc  fsl_debug_console.o [1]
UART_GetDefaultConfig   0x800038f1     0x44  Code  Gb  fsl_uart.o [1]
UART_GetInstance        0x8000379d     0x38  Code  Gb  fsl_uart.o [1]
UART_Init               0x800037d5    0x11c  Code  Gb  fsl_uart.o [1]
UART_ReadBlocking       0x80003b6d     0x86  Code  Gb  fsl_uart.o [1]
UART_ReadByte           0x800036f5      0x6  Code  Lc  fsl_uart.o [1]
UART_SetBaudRate        0x80003935    0x1e0  Code  Gb  fsl_uart.o [1]
UART_SetRxFifoWatermark
                        0x80003739     0x36  Code  Lc  fsl_uart.o [1]
UART_SetTxFifoWatermark
                        0x800036fb     0x3e  Code  Lc  fsl_uart.o [1]
UART_SoftwareReset      0x800036bd     0x16  Code  Lc  fsl_uart.o [1]
UART_WriteBlocking      0x80003b31     0x3c  Code  Gb  fsl_uart.o [1]
UART_WriteByte          0x800036ef      0x6  Code  Lc  fsl_uart.o [1]
USDHC1_DriverIRQHandler
                        0x80005b99      0x2  Code  Wk  system_MCIMX6G3.o [1]
USDHC2_DriverIRQHandler
                        0x80005b99      0x2  Code  Wk  system_MCIMX6G3.o [1]
ZI$$Base                0x80600048            --   Gb  - Linker created -
ZI$$Limit               0x806005dc            --   Gb  - Linker created -
__VECTOR_TABLE {Abs}    0x80002000           Data  Gb  command line/config [2]
__aeabi_assert          0x80003ce5     0x1c  Code  Gb  fsl_common.o [1]
__aeabi_idiv0           0x80003658           Code  Gb  IntDivZer.o [5]
__aeabi_ldiv0           0x80003654           Code  Gb  I64DivZer.o [5]
__aeabi_memcpy4         0x800032f8           Code  Gb  ABImemcpy.o [5]
__aeabi_memcpy8         0x800032f8           Code  Gb  ABImemcpy.o [5]
__aeabi_memset          0x80004830           Code  Gb  ABImemset.o [5]
__aeabi_uidiv           0x800034d8           Code  Gb  I32DivMod.o [5]
__aeabi_uidivmod        0x800034d8           Code  Gb  I32DivMod.o [5]
__aeabi_uldivmod        0x800033a8           Code  Gb  I64DivMod.o [5]
__cmain                 0x8000732c           Code  Gb  cmain.o [5]
__exit                  0x80007369     0x14  Code  Gb  exit.o [6]
__get_ACTLR             0x80005a17      0x6  Code  Lc  system_MCIMX6G3.o [1]
__get_CBAR              0x800041c9      0x6  Code  Lc  fsl_csi.o [1]
__get_CBAR              0x80005a35      0x6  Code  Lc  system_MCIMX6G3.o [1]
__get_CPACR             0x80005a23      0x6  Code  Lc  system_MCIMX6G3.o [1]
__get_FPEXC             0x800059fd      0x8  Code  Lc  system_MCIMX6G3.o [1]
__get_SCTLR             0x80004e29      0x6  Code  Lc  board.o [1]
__get_SCTLR             0x80005a0b      0x6  Code  Lc  system_MCIMX6G3.o [1]
__iar_Memset            0x80004830           Code  Gb  ABImemset.o [5]
__iar_Memset_word       0x80004838           Code  Gb  ABImemset.o [5]
__iar_copy_init3        0x8000738d     0x2c  Code  Gb  copy_init3.o [5]
__iar_data_init3        0x800072d1     0x30  Code  Gb  data_init.o [5]
__iar_init_vfp          0x800073f4           Code  Gb  fpinit.o [4]
__iar_init_vfp_v6       0x800073e0           Code  Gb  fpinit.o [4]
__iar_program_start     0x80007100           Code  Gb  startup_MCIMX6G3.o [1]
__iar_return_from_swi   0x8000775c      0x4  Code  Gb  xreturnswi.o [6]
__iar_zero_init3        0x8000722d     0x40  Code  Gb  zero_init3.o [5]
__low_level_init        0x80007359      0x4  Code  Gb  low_level_init.o [3]
__set_ACTLR             0x80005a1d      0x6  Code  Lc  system_MCIMX6G3.o [1]
__set_CPACR             0x80005a29      0x6  Code  Lc  system_MCIMX6G3.o [1]
__set_DACR              0x80004e41      0x6  Code  Lc  board.o [1]
__set_FPEXC             0x80005a05      0x6  Code  Lc  system_MCIMX6G3.o [1]
__set_SCTLR             0x80004e2f      0x6  Code  Lc  board.o [1]
__set_SCTLR             0x80005a11      0x6  Code  Lc  system_MCIMX6G3.o [1]
__set_TTBCR             0x80004e3b      0x6  Code  Lc  board.o [1]
__set_TTBR0             0x80004e35      0x6  Code  Lc  board.o [1]
__set_VBAR              0x80005a2f      0x6  Code  Lc  system_MCIMX6G3.o [1]
__vector_table          0x80002000           Data  Gb  startup_MCIMX6G3.o [1]
_call_main              0x80007340           Code  Gb  cmain.o [5]
_exit                   0x8000737c           Code  Gb  cexit.o [5]
_main                   0x80007348           Code  Gb  cmain.o [5]
cameraDevice            0x8060001c      0x8  Data  Gb  csi_ccir656.o [1]
cameraReceiver          0x80600004      0xc  Data  Gb  csi_ccir656.o [1]
csiPrivateData          0x80600048     0x2c  Data  Lc  csi_ccir656.o [1]
csiResource             0x80600000      0x4  Data  Lc  csi_ccir656.o [1]
csi_ops                 0x800075cc     0x18  Data  Gb  fsl_csi_camera_adapter.o [1]
defaultIrqHandler       0x80005b99      0x2  Code  Lc  system_MCIMX6G3.o [1]
exit                    0x80007365      0x4  Code  Gb  exit.o [3]
g_ccmConfigArmPll       0x80007748      0x4  Data  Gb  clock_config.o [1]
g_rtcXtalFreq           0x80600078      0x4  Data  Gb  fsl_clock.o [1]
g_xtalFreq              0x80600074      0x4  Data  Gb  fsl_clock.o [1]
irqNesting              0x806005d4      0x4  Data  Lc  system_MCIMX6G3.o [1]
irqTable                0x806000d4    0x500  Data  Lc  system_MCIMX6G3.o [1]
main                    0x80004c17    0x18e  Code  Gb  csi_ccir656.o [1]
ov5640InitParam         0x80006818     0xe8  Data  Lc  fsl_ov5640.o [1]
ov5640Resource          0x80600010      0xc  Data  Lc  csi_ccir656.o [1]
ov5640_ops              0x8000766c     0x10  Data  Gb  fsl_ov5640.o [1]
resolutionParam         0x800070a0     0x60  Data  Lc  fsl_ov5640.o [1]
s_NXP74LV595Output      0x806005d8      0x1  Data  Lc  board.o [1]
s_cameraBuffer          0x80400000  0xff000  Data  Lc  csi_ccir656.o [1]
s_csiBases              0x80007750      0x4  Data  Lc  fsl_csi.o [1]
s_csiClocks             0x80004172      0x2  Data  Lc  fsl_csi.o [1]
s_csiHandle             0x8060007c      0x4  Data  Lc  fsl_csi.o [1]
s_csiIRQ                0x80007760      0x2  Data  Lc  fsl_csi.o [1]
s_csiIsr                0x80600080      0x4  Data  Lc  fsl_csi.o [1]
s_debugConsole          0x80600084     0x10  Data  Lc  fsl_debug_console.o [1]
s_elcdifApbClocks       0x80007762      0x2  Data  Lc  fsl_elcdif.o [1]
s_elcdifBases           0x80007754      0x4  Data  Lc  fsl_elcdif.o [1]
s_elcdifPixClocks       0x80007764      0x2  Data  Lc  fsl_elcdif.o [1]
s_gpioBases             0x800075e4     0x18  Data  Lc  fsl_gpio.o [1]
s_gpioClock             0x800076c4      0xc  Data  Lc  fsl_gpio.o [1]
s_i2cBases              0x80007624     0x14  Data  Lc  fsl_i2c.o [1]
s_i2cClocks             0x800076dc      0xc  Data  Lc  fsl_i2c.o [1]
s_i2cDividerTable       0x80006900     0x80  Data  Lc  fsl_i2c.o [1]
s_i2cHandle             0x80600094     0x14  Data  Lc  fsl_i2c.o [1]
s_i2cMasterIsr          0x806000a8      0x4  Data  Lc  fsl_i2c.o [1]
s_i2cSlaveIsr           0x806000ac      0x4  Data  Lc  fsl_i2c.o [1]
s_lcdBuffer             0x804ff000  0xff000  Data  Lc  csi_ccir656.o [1]
s_mmuBufferAttr         0x80007744      0x4  Data  Lc  board.o [1]
s_mmuDevAttr            0x80007738      0x4  Data  Lc  board.o [1]
s_mmuRamAttr            0x80007740      0x4  Data  Lc  board.o [1]
s_mmuRomAttr            0x8000773c      0x4  Data  Lc  board.o [1]
s_pixelFormatReg        0x80600024     0x20  Data  Gb  fsl_elcdif.o [1]
s_pxpBases              0x80007758      0x4  Data  Lc  fsl_pxp.o [1]
s_pxpClocks             0x80007766      0x2  Data  Lc  fsl_pxp.o [1]
s_uartBases             0x80007498     0x24  Data  Lc  fsl_uart.o [1]
s_uartClock             0x80007638     0x14  Data  Lc  fsl_uart.o [1]
s_uartHandle            0x806000b0     0x20  Data  Lc  fsl_uart.o [1]
s_uartIsr               0x806000d0      0x4  Data  Lc  fsl_uart.o [1]
strlen                  0x80004174           Code  Gb  strlen.o [5]


[1] = C:\Ben_Work\Apps_Software\SDK_Packages\i.MX6UL_SDK\SDK_2.2_EVK-MCIMX6UL_ER2\boards\evkmcimx6ul\driver_examples\csi\ccir656\iar\ddr_debug\obj
[2] = command line
[3] = dl7Sx_tln.a
[4] = m7Sx_tlv.a
[5] = rt7Sx_tl.a
[6] = sh7Sxs_l.a

     18 946 bytes of readonly  code memory
      1 164 bytes of readwrite code memory
      4 590 bytes of readonly  data memory
  2 110 681 bytes of readwrite data memory

Errors: none
Warnings: none
